// Jest Snapshot v1, https://goo.gl/fbAQLP

exports[`<Logo  /> should match snapshot 1`] = `
.c0 {
  display: -webkit-box;
  display: -webkit-flex;
  display: -ms-flexbox;
  display: flex;
  -webkit-flex-direction: row;
  -ms-flex-direction: row;
  flex-direction: row;
  -webkit-align-items: center;
  -webkit-box-align: center;
  -ms-flex-align: center;
  align-items: center;
}

<div
  class="c0"
>
  <svg
    style="color: rgb(63, 81, 181); height: 50px; width: 50px;"
  >
    whiteboard.svg
  </svg>
  <h3
    class="MuiTypography-root MuiTypography-h3 MuiTypography-colorPrimary"
    style="margin-left: 20px;"
  >
    appName
  </h3>
</div>
`;
